// Jest Snapshot v1, https://goo.gl/fbAQLP

exports[`<HistoryRow/> Should render correctly 1`] = `
ShallowWrapper {
  "length": 1,
  Symbol(enzyme.__root__): [Circular],
  Symbol(enzyme.__unrendered__): <HistoryRow
    cpuChoice="paper"
    playerChoice="rock"
    result="win"
/>,
  Symbol(enzyme.__renderer__): Object {
    "batchedUpdates": [Function],
    "getNode": [Function],
    "render": [Function],
    "simulateEvent": [Function],
    "unmount": [Function],
  },
  Symbol(enzyme.__node__): Object {
    "instance": null,
    "key": undefined,
    "nodeType": "host",
    "props": Object {
      "children": Array [
        <div
          className="paper choice-icon background-no-repeat background-contain-size rotate"
/>,
        <span
          className="capitalize win"
>
          win
</span>,
        <div
          className="rock choice-icon background-no-repeat background-contain-size"
/>,
      ],
      "className": "default-row-container history-row",
    },
    "ref": null,
    "rendered": Array [
      Object {
        "instance": null,
        "key": undefined,
        "nodeType": "host",
        "props": Object {
          "className": "paper choice-icon background-no-repeat background-contain-size rotate",
        },
        "ref": null,
        "rendered": null,
        "type": "div",
      },
      Object {
        "instance": null,
        "key": undefined,
        "nodeType": "host",
        "props": Object {
          "children": "win",
          "className": "capitalize win",
        },
        "ref": null,
        "rendered": "win",
        "type": "span",
      },
      Object {
        "instance": null,
        "key": undefined,
        "nodeType": "host",
        "props": Object {
          "className": "rock choice-icon background-no-repeat background-contain-size",
        },
        "ref": null,
        "rendered": null,
        "type": "div",
      },
    ],
    "type": "div",
  },
  Symbol(enzyme.__nodes__): Array [
    Object {
      "instance": null,
      "key": undefined,
      "nodeType": "host",
      "props": Object {
        "children": Array [
          <div
            className="paper choice-icon background-no-repeat background-contain-size rotate"
/>,
          <span
            className="capitalize win"
>
            win
</span>,
          <div
            className="rock choice-icon background-no-repeat background-contain-size"
/>,
        ],
        "className": "default-row-container history-row",
      },
      "ref": null,
      "rendered": Array [
        Object {
          "instance": null,
          "key": undefined,
          "nodeType": "host",
          "props": Object {
            "className": "paper choice-icon background-no-repeat background-contain-size rotate",
          },
          "ref": null,
          "rendered": null,
          "type": "div",
        },
        Object {
          "instance": null,
          "key": undefined,
          "nodeType": "host",
          "props": Object {
            "children": "win",
            "className": "capitalize win",
          },
          "ref": null,
          "rendered": "win",
          "type": "span",
        },
        Object {
          "instance": null,
          "key": undefined,
          "nodeType": "host",
          "props": Object {
            "className": "rock choice-icon background-no-repeat background-contain-size",
          },
          "ref": null,
          "rendered": null,
          "type": "div",
        },
      ],
      "type": "div",
    },
  ],
  Symbol(enzyme.__options__): Object {
    "adapter": ReactSixteenAdapter {
      "options": Object {
        "enableComponentDidUpdateOnSetState": true,
      },
    },
  },
}
`;
